// Jest Snapshot v1, https://goo.gl/fbAQLP

exports[`<MusicPlayer /> shallow renders correctly 1`] = `
<MusicPlayerContainer>
  <ButtonTitleContainer>
    <PlayButtonContainer
      onClick={[Function]}
    >
      <PlayButton
        src="https://s3-us-west-1.amazonaws.com/streamboard98/icons/play.png"
      />
    </PlayButtonContainer>
    <TitleArtistContainer>
      <ArtistContainer>
        <Artist
          onClick={[Function]}
        />
      </ArtistContainer>
      <function StyledComponent() {
        classCallCheck(this, StyledComponent);
        return possibleConstructorReturn(this, _ParentComponent.apply(this, arguments));
      }>
        <Title />
      </function StyledComponent() {
        classCallCheck(this, StyledComponent);
        return possibleConstructorReturn(this, _ParentComponent.apply(this, arguments));
      }>
      <function StyledComponent() {
        classCallCheck(this, StyledComponent);
        return possibleConstructorReturn(this, _ParentComponent.apply(this, arguments));
      }>
        <AlbumArtThumb
          src="https://s3-us-west-1.amazonaws.com/streamboard98/albumCovers/undefined"
        />
        <Album
          onClick={[Function]}
        >
          In album: 
        </Album>
      </function StyledComponent() {
        classCallCheck(this, StyledComponent);
        return possibleConstructorReturn(this, _ParentComponent.apply(this, arguments));
      }>
    </TitleArtistContainer>
  </ButtonTitleContainer>
  <GenreCreatedContainer>
    <GenreContainer>
      <CreatedAt>
        <t
          ago={false}
          calendar={false}
          decimal={false}
          element="time"
          filter={[Function]}
          fromNow={true}
          interval={60000}
          onChange={[Function]}
          toNow={false}
          unit={null}
          unix={false}
          utc={false}
        />
      </CreatedAt>
      <Genre
        onClick={[Function]}
      >
        # 
      </Genre>
    </GenreContainer>
  </GenreCreatedContainer>
  <AlbumArtContainer
    onClick={[Function]}
  >
    <AlbumArt
      src="https://s3-us-west-1.amazonaws.com/streamboard98/albumCovers/undefined"
    />
  </AlbumArtContainer>
</MusicPlayerContainer>
`;
